\BOOKMARK [1][-]{section.1}{\376\377\137\025\212\000}{}% 1
\BOOKMARK [1][-]{section.2}{\376\377\131\032\123\072\127\337\227\131\140\001\177\121\176\334\127\107\210\141\152\041\127\213}{}% 2
\BOOKMARK [2][-]{subsection.2.1}{\376\377\177\121\176\334\173\046\123\367\133\232\116\111}{section.2}% 3
\BOOKMARK [2][-]{subsection.2.2}{\376\377\136\177\116\111\121\372\210\114\142\020\147\054\121\375\145\160}{section.2}% 4
\BOOKMARK [2][-]{subsection.2.3}{\376\377\200\003\206\121\137\071\140\047\227\000\154\102\166\204\174\373\176\337\147\000\117\030\000\040\000\050\000S\000O\000\051\000\040\152\041\127\213}{section.2}% 5
\BOOKMARK [2][-]{subsection.2.4}{\376\377\147\000\117\030\211\343\166\204\133\130\127\050\140\047\116\016\140\047\215\050}{section.2}% 6
\BOOKMARK [1][-]{section.3}{\376\377\172\172\127\337\142\345\130\065\141\037\167\345\166\204\227\131\140\001\215\357\137\204\211\304\122\022\134\102}{}% 7
\BOOKMARK [2][-]{subsection.3.1}{\376\377\133\217\211\302\220\037\136\246\000-\133\306\136\246\121\163\174\373}{section.3}% 8
\BOOKMARK [2][-]{subsection.3.2}{\376\377\116\000\202\054\123\125\134\360\000\040\000M\000F\000D\000\040\116\247\121\372\121\163\174\373}{section.3}% 9
\BOOKMARK [2][-]{subsection.3.3}{\376\377\217\321\117\074\147\000\117\030\215\357\137\204\144\034\175\042\116\016\126\372\133\232\160\271\217\355\116\343}{section.3}% 10
\BOOKMARK [2][-]{subsection.3.4}{\376\377\131\032\215\357\137\204\122\006\155\101\116\016\133\217\211\302\220\032\221\317\200\132\124\010}{section.3}% 11
\BOOKMARK [2][-]{subsection.3.5}{\376\377\227\131\140\001\122\006\155\101\153\324\117\213\167\351\226\065\000\040\000b\000e\000t\000a}{section.3}% 12
\BOOKMARK [1][-]{section.4}{\376\377\131\032\123\072\127\337\122\250\140\001\155\101\133\210\140\122\152\041\127\213}{}% 13
\BOOKMARK [2][-]{subsection.4.1}{\376\377\127\372\116\216\166\356\166\204\127\060\166\204\162\266\140\001\145\271\172\013\116\016\000\040\000W\000e\000l\000l\000-\000m\000i\000x\000e\000d\000\040\120\107\213\276}{section.4}% 14
\BOOKMARK [2][-]{subsection.4.2}{\376\377\122\250\140\001\145\271\172\013\166\204\116\000\201\364\140\047\232\214\213\301}{section.4}% 15
\BOOKMARK [1][-]{section.5}{\376\377\172\063\140\001\127\107\210\141\166\204\116\045\150\074\143\250\133\374}{}% 16
\BOOKMARK [2][-]{subsection.5.1}{\376\377\172\063\140\001\116\343\145\160\145\271\172\013\176\304\166\204\136\372\172\313}{section.5}% 17
\BOOKMARK [2][-]{subsection.5.2}{\376\377\172\063\140\001\143\247\122\066\137\213\166\204\143\250\133\374}{section.5}% 18
\BOOKMARK [2][-]{subsection.5.3}{\376\377\127\107\210\141\160\271\166\204\133\130\127\050\140\047}{section.5}% 19
\BOOKMARK [2][-]{subsection.5.4}{\376\377\127\107\210\141\160\271\166\204\125\057\116\000\140\047}{section.5}% 20
\BOOKMARK [2][-]{subsection.5.5}{\376\377\166\356\150\007\127\107\210\141\160\271\116\016\123\357\210\114\140\047\147\141\116\366}{section.5}% 21
\BOOKMARK [1][-]{section.6}{\376\377\215\167\230\336\121\306\121\145\116\016\123\072\127\337\143\247\122\066\126\150\213\276\213\241}{}% 22
\BOOKMARK [2][-]{subsection.6.1}{\376\377\000S\000O\000\040\166\356\150\007\116\016\116\000\202\054\211\304\122\022\166\356\150\007\166\204\217\271\165\114}{section.6}% 23
\BOOKMARK [2][-]{subsection.6.2}{\376\377\133\217\211\302\142\147\210\114\134\102\120\107\213\276}{section.6}% 24
\BOOKMARK [2][-]{subsection.6.3}{\376\377\215\167\230\336\121\306\121\145\143\247\122\066\126\150}{section.6}% 25
\BOOKMARK [2][-]{subsection.6.4}{\376\377\123\072\127\337\140\073\145\076\210\114\143\247\122\066\126\150}{section.6}% 26
\BOOKMARK [2][-]{subsection.6.5}{\376\377\140\073\221\317\225\355\163\257\172\063\133\232\140\047}{section.6}% 27
\BOOKMARK [1][-]{section.7}{\376\377\177\121\176\334\176\247\123\357\210\114\140\047\116\016\232\214\213\301\173\227\154\325}{}% 28
\BOOKMARK [1][-]{section.8}{\376\377\147\000\134\017\173\227\117\213}{}% 29
\BOOKMARK [1][-]{section.9}{\376\377\145\160\120\074\116\377\167\037\145\271\150\110}{}% 30
\BOOKMARK [1][-]{section.10}{\376\377\152\041\127\213\226\120\122\066\116\016\147\052\147\145\170\024\172\166\145\271\124\021}{}% 31
\BOOKMARK [1][-]{section.11}{\376\377\176\323\213\272}{}% 32
